// Jest Snapshot v1, https://goo.gl/fbAQLP

exports[`Should match the snapshot 1`] = `
<div>
  <div>
    <div>
      <OpenButton />
      <h1>
        Web Speed App
      </h1>
    </div>
    <InputUrl />
    <div>
      <InputButtonWrapper />
      <SpinnerWrapper />
    </div>
  </div>
  <WebOptimizeWrapper />
</div>
`;
