// Jest Snapshot v1, https://goo.gl/fbAQLP

exports[`should match the snapshot 1`] = `
<div
  id="buttonwrapper"
  onClick={[Function]}
>
  <h2>
     
    Settings
     
  </h2>
</div>
`;
