// Jest Snapshot v1, https://goo.gl/fbAQLP

exports[`SkeletonText snapshot should match the snapshot 1`] = `
<SkeletonTheme
  color="#bdbdbd"
  highlightColor="#d8d8d8"
>
  <Skeleton
    circle={false}
    count={1}
    duration={1.2}
    height={null}
    width={50}
    wrapper={null}
  />
</SkeletonTheme>
`;
