// Jest Snapshot v1, https://goo.gl/fbAQLP

exports[`SkeletonCircle snapshot should match the snapshot 1`] = `
<div
  style={
    Object {
      "marginLeft": "7px",
    }
  }
>
  <SkeletonTheme
    color="#bdbdbd"
    highlightColor="#d8d8d8"
  >
    <Skeleton
      circle={true}
      count={1}
      duration={1.2}
      height={46}
      width={44}
      wrapper={null}
    />
  </SkeletonTheme>
</div>
`;
