// Jest Snapshot v1, https://goo.gl/fbAQLP

exports[`SignWithGoogle snapshot should match the snapshot 1`] = `
<button
  onClick={[Function]}
>
  Sign in with Google
</button>
`;
