// Jest Snapshot v1, https://goo.gl/fbAQLP

exports[`SignUpForm snapshot should match the snapshot 1`] = `
<div>
  <h2>
    I don't have an account
  </h2>
  <span>
    Sign up with your email and password
  </span>
  <form
    onSubmit={[Function]}
  >
    <Input
      handleChange={[Function]}
      label="Username"
      name="username"
      required={true}
      type="text"
      value=""
    />
    <Input
      handleChange={[Function]}
      label="Email"
      name="email"
      required={true}
      type="email"
      value=""
    />
    <Input
      handleChange={[Function]}
      label="Password"
      name="password"
      required={true}
      type="password"
      value=""
    />
    <Input
      handleChange={[Function]}
      label="Confirm password"
      name="confirm password"
      required={true}
      type="password"
      value=""
    />
    <Button
      btnStyle="regular"
      isFormContent={true}
    />
  </form>
</div>
`;
