// Jest Snapshot v1, https://goo.gl/fbAQLP

exports[`SignInContent snapshot should match the snapshot 1`] = `
<div>
  <SignInForm />
  <Button
    btnStyle="oval"
    isDesktopCloseContent={true}
    isMobileCloseContent={false}
  />
</div>
`;
