// Jest Snapshot v1, https://goo.gl/fbAQLP

exports[`Should match the snapshot 1`] = `
"<button onClick={[Function: handleGetReportClick]} disabled={false} className=\\"inputbutton__wrapper inputbutton__wrapper--inactive\\">
  Get report
</button>"
`;
