// Jest Snapshot v1, https://goo.gl/fbAQLP

exports[`Should match the snapshot 1`] = `
<Fragment>
  <button
    className="block"
    disabled={false}
  />
</Fragment>
`;
