// Jest Snapshot v1, https://goo.gl/fbAQLP

exports[`Button snapshot should match the snapshot 1`] = `
<button
  className="block"
  type="button"
  value="value"
/>
`;
