// Jest Snapshot v1, https://goo.gl/fbAQLP

exports[`Side snapshot should match the snapshot 1`] = `
<aside
  className="block"
>
  <Main />
  <Top />
  <Middle />
  <Bottom />
</aside>
`;
