// Jest Snapshot v1, https://goo.gl/fbAQLP

exports[`Error snapshot should match the snapshot 1`] = `
<Fragment>
  <div>
    ⚠️ Invalid url
  </div>
</Fragment>
`;
