// Jest Snapshot v1, https://goo.gl/fbAQLP

exports[`should match the snapshot 1`] = `
<div
  className="block"
>
  <InputUrl />
  <div>
    <InputButtonWrapper />
  </div>
  <Error />
</div>
`;
