// Jest Snapshot v1, https://goo.gl/fbAQLP

exports[`Input snapshot should match the snapshot 1`] = `
<Fragment>
  <input />
</Fragment>
`;
