// Jest Snapshot v1, https://goo.gl/fbAQLP

exports[`Should match the snapshot 1`] = `
<main
  className="block"
>
  <section>
    <InputWrapper />
  </section>
  <LightHouse />
</main>
`;
