// Jest Snapshot v1, https://goo.gl/fbAQLP

exports[`Should match the snapshot 1`] = `
"<Fragment>
  <button onClick={[undefined]} disabled={false} className=\\"inputbutton__wrapper\\" />
  <span />
</Fragment>"
`;
