// Jest Snapshot v1, https://goo.gl/fbAQLP

exports[`Top snapshot should match the snapshot 1`] = `
<Section
  content={
    Object {
      "header": "DOM size",
      "mainContent": "A large DOM will increase memory usage, cause longer style calculations.",
      "result": Array [
        "Result: ",
      ],
    }
  }
  data={
    Array [
      0.67,
    ]
  }
  position="top"
/>
`;
